// Jest Snapshot v1, https://goo.gl/fbAQLP

exports[`auth actions should create an action that fetches a user details using the userId 1`] = `
Array [
  Object {
    "type": "USER_ACCOUNT_FETCH_STARTED",
  },
  Object {
    "type": "USER_ACCOUNT_SUCCESS",
    "userAccount": Object {
      "0": Object {
        "account_number": 2000000003,
        "balance": "170002.00",
        "created_on": "2019-04-28T11:49:09.165Z",
        "id": 4,
        "owner": 5,
        "status": "active",
        "type": "savings",
        "updated_at": "2019-04-28T11:49:09.165Z",
      },
      "user": Object {
        "email": "issacola57@gmail.com",
        "firstName": "isaac",
        "id": 5,
        "isAdmin": false,
        "lastName": "olayisade",
        "type": "client",
      },
    },
  },
]
`;

exports[`auth actions should return error when trying to fetch a request 1`] = `
Array [
  Object {
    "type": "USER_ACCOUNT_FETCH_STARTED",
  },
  Object {
    "type": "USER_ACCOUNT_SUCCESS",
    "userAccount": Object {
      "0": Object {
        "account_number": 2000000003,
        "balance": "170002.00",
        "created_on": "2019-04-28T11:49:09.165Z",
        "id": 4,
        "owner": 5,
        "status": "active",
        "type": "savings",
        "updated_at": "2019-04-28T11:49:09.165Z",
      },
      "user": Object {
        "email": "issacola57@gmail.com",
        "firstName": "isaac",
        "id": 5,
        "isAdmin": false,
        "lastName": "olayisade",
        "type": "client",
      },
    },
  },
  Object {
    "type": "USER_ACCOUNT_FETCH_STARTED",
  },
]
`;
